../../rtl/fofb_cc_pkg/rtl/vhdl/fofb_cc_version.vhd
../../rtl/fofb_cc_pkg/rtl/vhdl/fofb_cc_pkg.vhd
../../rtl/fofb_cc_top/rtl/vhdl/fofb_cc_ndff.vhd
../../rtl/fofb_cc_syncff/rtl/vhdl/fofb_cc_syncff.vhd
../../rtl/fofb_cc_dpbram/rtl/vhdl/fofb_cc_sdpbram.vhd
../../rtl/fofb_cc_dpbram/rtl/vhdl/fofb_cc_dpbram.vhd
../../rtl/fofb_cc_arbmux/rtl/vhdl/fofb_cc_arbmux.vhd
../../rtl/fofb_cc_cfg_if/rtl/vhdl/fofb_cc_cfg_if.vhd
../../rtl/fofb_cc_fa_capture/rtl/vhdl/fofb_cc_fa_capture.vhd
../../rtl/fofb_cc_fa_if/rtl/vhdl/fofb_cc_fa_if_bram.vhd
../../rtl/fofb_cc_fa_if/rtl/vhdl/fofb_cc_fa_if.vhd
../../rtl/fofb_cc_fod/rtl/vhdl/fofb_cc_fod.vhd
../../rtl/fofb_cc_frame_cntrl/rtl/vhdl/fofb_cc_frame_cntrl.vhd

../../rtl/fofb_cc_mgt_if/rtl/vhdl/phase_align.vhd
../../rtl/fofb_cc_mgt_if/rtl/vhdl/fofb_cc_mgt_rx_ll.vhd
../../rtl/fofb_cc_mgt_if/rtl/vhdl/fofb_cc_mgt_tx_ll.vhd
../../rtl/fofb_cc_mgt_if/rtl/vhdl/fofb_cc_mgt_lane.vhd
../../rtl/fofb_cc_mgt_if/rtl/vhdl/fofb_cc_mgt_tile.vhd
../../rtl/fofb_cc_mgt_if/rtl/vhdl/fofb_cc_mgt_if.vhd

../../rtl/fofb_cc_gtp_if/rtl/vhdl/fofb_cc_gtp_tile.vhd
../../rtl/fofb_cc_gtp_if/rtl/vhdl/fofb_cc_gtp_rxcrc.vhd
../../rtl/fofb_cc_gtp_if/rtl/vhdl/fofb_cc_gtp_txcrc.vhd
../../rtl/fofb_cc_gtp_if/rtl/vhdl/fofb_cc_gtp_rx_ll.vhd
../../rtl/fofb_cc_gtp_if/rtl/vhdl/fofb_cc_gtp_tx_ll.vhd
../../rtl/fofb_cc_gtp_if/rtl/vhdl/fofb_cc_gtp_lane.vhd
../../rtl/fofb_cc_gtp_if/rtl/vhdl/fofb_cc_gtp_if.vhd

../../rtl/fofb_cc_top/rtl/vhdl/fofb_cc_fifo_rst.vhd
../../rtl/fofb_cc_clk_if/rtl/vhdl/fofb_cc_usrclk.vhd
../../rtl/fofb_cc_clk_if/rtl/vhdl/fofb_cc_clk_if.vhd
../../rtl/fofb_cc_top/rtl/vhdl/fofb_cc_puls_exp.vhd
../../rtl/fofb_cc_top/rtl/vhdl/fofb_cc_top.vhd

./cdc_control.vhd




